C251 COMPILER V5.60.0,  ADC                                                                12/06/26  11:03:17  PAGE 1   


C251 COMPILER V5.60.0, COMPILATION OF MODULE ADC
OBJECT MODULE PLACED IN .\Objects\ADC.obj
COMPILER INVOKED BY: D:\Keil_v5\C251\BIN\C251.EXE ..\LIB\ADC.c XSMALL INTR2 ROM(HUGE) BROWSE INCDIR(..\LIB;..\Motor) DEB
                    -UG PRINT(.\Listings\ADC.lst) OBJECT(.\Objects\ADC.obj) 

stmt  level    source

    1          /*---------------------------------------------------------------------*/
    2          /* --- Web: www.STCAI.com ---------------------------------------------*/
    3          /*---------------------------------------------------------------------*/
    4          #include "AI8051U.h"
    5          #include "ADC.h"
    6          #include "PWM.h"
    7          #include "Delay.h"
    8          #include "def.h"
    9          #include "string.h"
   10          
   11          //========================================================================
   12          // 函数: u8     ADC_Inilize(ADC_InitTypeDef *ADCx)
   13          // 描述: ADC初始化程序.
   14          // 参数: ADCx: 结构参数,请参考adc.h里的定义.
   15          // 返回: none.
   16          // 版本: V1.0, 2012-10-22
   17          //========================================================================
   18          u8      ADC_Inilize(ADC_InitTypeDef *ADCx)
   19          {
   20   1              ADCCFG = (ADCCFG & ~ADC_SPEED_2X16T) | ADCx->ADC_Speed; //设置ADC工作时钟频率
   21   1              ADC_ALIGN_MODE(ADCx->ADC_Align_Mode);                                   //AD转换结果对齐方式
   22   1      
   23   1              if(ADCx->ADC_SMPduty > 31)      return FAIL;    //错误
   24   1              if(ADCx->ADC_CsSetup > 1)       return FAIL;    //错误
   25   1              if(ADCx->ADC_CsHold > 3)        return FAIL;    //错误
   26   1      
   27   1              ADCTIM = (ADCx->ADC_CsSetup << 7) | (ADCx->ADC_CsHold << 5) | ADCx->ADC_SMPduty ;//设置 ADC 内部时序，AD
             -C采样时间建议设最大值
   28   1              return SUCCESS;
   29   1      }
   30          
   31          
   32          //========================================================================
   33          // 函数: void   ADC_PowerControl(u8 pwr)
   34          // 描述: ADC电源控制程序.
   35          // 参数: pwr: 电源控制,ENABLE或DISABLE.
   36          // 返回: none.
   37          // 版本: V1.0, 2012-10-22
   38          //========================================================================
   39          void    ADC_PowerControl(u8 pwr)
   40          {
   41   1              if(pwr == ENABLE)       ADC_POWER = 1;
   42   1              else                            ADC_POWER = 0;
   43   1      }
   44          
   45          //========================================================================
   46          // 函数: u16    Get_ADCResult(u8 channel)
   47          // 描述: 查询法读一次ADC转换结果.
   48          // 参数: channel: 选择要转换的ADC通道.
   49          // 返回: ADC转换结果.
   50          // 版本: V1.0, 2012-10-22
   51          //========================================================================
   52          u16     Get_ADCResult(u8 channel)       //channel = 0~15
   53          {
   54   1              u16     adc;
   55   1              u8      i;
   56   1      
   57   1              if(channel > ADC_CH15)  return  4096;   //错误,返回4096,调用的程序判断  
C251 COMPILER V5.60.0,  ADC                                                                12/06/26  11:03:17  PAGE 2   

   58   1              ADC_RES = 0;
   59   1              ADC_RESL = 0;
   60   1      
   61   1              ADC_CONTR = (ADC_CONTR & 0xf0) | channel; //设置ADC转换通道
   62   1              ADC_START = 1;//启动ADC转换
   63   1              NOP(10);                        //对ADC_CONTR操作后要4T之后才能访问
   64   1      
   65   1              for(i=0; i<250; i++)            //超时返回，正常i等于10以内就可以转换完成
   66   1              {
   67   2                      if(ADC_FLAG)
   68   2                      {
   69   3                              ADC_FLAG = 0;   //清除ADC转换结束标志
   70   3                              if(RESFMT)              //转换结果右对齐。 
   71   3                              {
   72   4                                      adc = ((u16)ADC_RES << 8) | ADC_RESL;
   73   4                              }
   74   3                              else            //转换结果左对齐。 
   75   3                              {
   76   4                                      adc = (u16)ADC_RES;
   77   4                                      adc = (adc << 4) | ((ADC_RESL >> 4) & 0x0f);
   78   4                              }
   79   3                              return  adc;
   80   3                      }
   81   2              }
   82   1              return  4096;   //错误,返回4096,调用的程序判断
   83   1      }


Module Information          Static   Overlayable
------------------------------------------------
  code size            =    ------     ------
  ecode size           =       202     ------
  data size            =    ------     ------
  idata size           =    ------     ------
  pdata size           =    ------     ------
  xdata size           =    ------     ------
  xdata-const size     =    ------     ------
  edata size           =    ------     ------
  bit size             =    ------     ------
  ebit size            =    ------     ------
  bitaddressable size  =    ------     ------
  ebitaddressable size =    ------     ------
  far data size        =    ------     ------
  huge data size       =    ------     ------
  const size           =    ------     ------
  hconst size          =    ------     ------
End of Module Information.


C251 COMPILATION COMPLETE.  0 WARNING(S),  0 ERROR(S)
