C251 COMPILER V5.60.0,  AI8051U_Timer_Isr                                                  31/10/25  08:14:12  PAGE 1   


C251 COMPILER V5.60.0, COMPILATION OF MODULE AI8051U_Timer_Isr
OBJECT MODULE PLACED IN .\Objects\AI8051U_Timer_Isr.obj
COMPILER INVOKED BY: D:\Keil_v5\C251\BIN\C251.EXE ..\LIB\AI8051U_Timer_Isr.c INTR2 BROWSE INCDIR(..\LIB) DEBUG PRINT(.\L
                    -istings\AI8051U_Timer_Isr.lst) OBJECT(.\Objects\AI8051U_Timer_Isr.obj) 

stmt  level    source

    1          /*---------------------------------------------------------------------*/
    2          /* --- Web: www.STCAI.com ---------------------------------------------*/
    3          /*---------------------------------------------------------------------*/
    4          
    5          #include "AI8051U_Timer.h"
    6          
    7          //========================================================================
    8          // 函数: Timer0_ISR_Handler
    9          // 描述: Timer0中断函数.
   10          // 参数: none.
   11          // 返回: none.
   12          // 版本: V1.0, 2020-09-23
   13          //========================================================================
   14          void Timer0_ISR_Handler (void) interrupt TMR0_VECTOR            //进中断时已经清除标志
   15          {
   16   1              // TODO: 在此处添加用户代码
   17   1              P07 = ~P07;
   18   1      }
   19          
   20          //========================================================================
   21          // 函数: Timer1_ISR_Handler
   22          // 描述: Timer1中断函数.
   23          // 参数: none.
   24          // 返回: none.
   25          // 版本: V1.0, 2020-09-23
   26          //========================================================================
   27          void Timer1_ISR_Handler (void) interrupt TMR1_VECTOR            //进中断时已经清除标志
   28          {
   29   1              // TODO: 在此处添加用户代码
   30   1              P06 = ~P06;
   31   1      }
   32          
   33          //========================================================================
   34          // 函数: Timer2_ISR_Handler
   35          // 描述: Timer2中断函数.
   36          // 参数: none.
   37          // 返回: none.
   38          // 版本: V1.0, 2020-09-23
   39          //========================================================================
   40          void Timer2_ISR_Handler (void) interrupt TMR2_VECTOR            //进中断时已经清除标志
   41          {
   42   1              // TODO: 在此处添加用户代码
   43   1              P05 = ~P05;
   44   1      }
   45          
   46          //========================================================================
   47          // 函数: Timer3_ISR_Handler
   48          // 描述: Timer3中断函数.
   49          // 参数: none.
   50          // 返回: none.
   51          // 版本: V1.0, 2020-09-23
   52          //========================================================================
   53          void Timer3_ISR_Handler (void) interrupt TMR3_VECTOR            //进中断时已经清除标志
   54          {
   55   1              // TODO: 在此处添加用户代码
   56   1              P04 = ~P04;
   57   1      }
   58          
C251 COMPILER V5.60.0,  AI8051U_Timer_Isr                                                  31/10/25  08:14:12  PAGE 2   

   59          //========================================================================
   60          // 函数: Timer4_ISR_Handler
   61          // 描述: Timer4中断函数.
   62          // 参数: none.
   63          // 返回: none.
   64          // 版本: V1.0, 2020-09-23
   65          //========================================================================
   66          void Timer4_ISR_Handler (void) interrupt TMR4_VECTOR            //进中断时已经清除标志
   67          {
   68   1              // TODO: 在此处添加用户代码
   69   1              P03 = ~P03;
   70   1      }
   71          
   72          //========================================================================
   73          // 函数: Timer11_ISR_Handler
   74          // 描述: Timer11中断函数.
   75          // 参数: none.
   76          // 返回: none.
   77          // 版本: V1.0, 2025-02-10
   78          //========================================================================
   79          void Timer11_ISR_Handler (void) interrupt TMR11_VECTOR          //进中断时已经清除标志
   80          {
   81   1              // TODO: 在此处添加用户代码
   82   1              P02 = ~P02;
   83   1      }


Module Information          Static   Overlayable
------------------------------------------------
  code size            =        60     ------
  ecode size           =    ------     ------
  data size            =    ------     ------
  idata size           =    ------     ------
  pdata size           =    ------     ------
  xdata size           =    ------     ------
  xdata-const size     =    ------     ------
  edata size           =    ------     ------
  bit size             =    ------     ------
  ebit size            =    ------     ------
  bitaddressable size  =    ------     ------
  ebitaddressable size =    ------     ------
  far data size        =    ------     ------
  huge data size       =    ------     ------
  const size           =    ------     ------
  hconst size          =    ------     ------
End of Module Information.


C251 COMPILATION COMPLETE.  0 WARNING(S),  0 ERROR(S)
