C251 COMPILER V5.60.0,  AI8051U_GPIO_Isr                                                   31/10/25  08:14:11  PAGE 1   


C251 COMPILER V5.60.0, COMPILATION OF MODULE AI8051U_GPIO_Isr
OBJECT MODULE PLACED IN .\Objects\AI8051U_GPIO_Isr.obj
COMPILER INVOKED BY: D:\Keil_v5\C251\BIN\C251.EXE ..\LIB\AI8051U_GPIO_Isr.c INTR2 BROWSE INCDIR(..\LIB) DEBUG PRINT(.\Li
                    -stings\AI8051U_GPIO_Isr.lst) OBJECT(.\Objects\AI8051U_GPIO_Isr.obj) 

stmt  level    source

    1          /*---------------------------------------------------------------------*/
    2          /* --- Web: www.STCAI.com ---------------------------------------------*/
    3          /*---------------------------------------------------------------------*/
    4          
    5          #include "AI8051U_GPIO.h"
    6          
    7          u8 ioIndex;
    8          
    9          //========================================================================
   10          // 函数: P0_ISR_Handler
   11          // 描述: P0中断函数.
   12          // 参数: none.
   13          // 返回: none.
   14          // 版本: V1.0, 2025-02-10
   15          //========================================================================
   16          void P0_ISR_Handler (void) interrupt P0INT_VECTOR
   17          {
   18   1              // TODO: 在此处添加用户代码
   19   1          B = P0INTF;     //获取中断标志
   20   1          if (B) 
   21   1          { 
   22   2              P0INTF = 0x00;      //清中断标志
   23   2              if (B0) ioIndex = 0x00;
   24   2              if (B1) ioIndex = 0x01;
   25   2              if (B2) ioIndex = 0x02;
   26   2              if (B3) ioIndex = 0x03;
   27   2              if (B4) ioIndex = 0x04;
   28   2              if (B5) ioIndex = 0x05;
   29   2              if (B6) ioIndex = 0x06;
   30   2              if (B7) ioIndex = 0x07;
   31   2          }
   32   1      }
   33          
   34          //========================================================================
   35          // 函数: P1_ISR_Handler
   36          // 描述: P1中断函数.
   37          // 参数: none.
   38          // 返回: none.
   39          // 版本: V1.0, 2025-02-10
   40          //========================================================================
   41          void P1_ISR_Handler (void) interrupt P1INT_VECTOR
   42          {
   43   1              // TODO: 在此处添加用户代码
   44   1          B = P1INTF;     //获取中断标志
   45   1          if(B)
   46   1          {
   47   2              P1INTF = 0x00;      //清中断标志
   48   2              if (B0) ioIndex = 0x10;
   49   2              if (B1) ioIndex = 0x11;
   50   2              if (B2) ioIndex = 0x12;
   51   2              if (B3) ioIndex = 0x13;
   52   2              if (B4) ioIndex = 0x14;
   53   2              if (B5) ioIndex = 0x15;
   54   2              if (B6) ioIndex = 0x16;
   55   2              if (B7) ioIndex = 0x17;
   56   2          }
   57   1      }
   58          
C251 COMPILER V5.60.0,  AI8051U_GPIO_Isr                                                   31/10/25  08:14:11  PAGE 2   

   59          //========================================================================
   60          // 函数: P2_ISR_Handler
   61          // 描述: P2中断函数.
   62          // 参数: none.
   63          // 返回: none.
   64          // 版本: V1.0, 2025-02-10
   65          //========================================================================
   66          void P2_ISR_Handler (void) interrupt P2INT_VECTOR
   67          {
   68   1              // TODO: 在此处添加用户代码
   69   1          B = P2INTF;     //获取中断标志
   70   1          if(B)
   71   1          {
   72   2              P2INTF = 0x00;      //清中断标志
   73   2              if (B0) ioIndex = 0x20;
   74   2              if (B1) ioIndex = 0x21;
   75   2              if (B2) ioIndex = 0x22;
   76   2              if (B3) ioIndex = 0x23;
   77   2              if (B4) ioIndex = 0x24;
   78   2              if (B5) ioIndex = 0x25;
   79   2              if (B6) ioIndex = 0x26;
   80   2              if (B7) ioIndex = 0x27;
   81   2          }
   82   1      }
   83          
   84          //========================================================================
   85          // 函数: P3_ISR_Handler
   86          // 描述: P3中断函数.
   87          // 参数: none.
   88          // 返回: none.
   89          // 版本: V1.0, 2025-02-10
   90          //========================================================================
   91          void P3_ISR_Handler (void) interrupt P3INT_VECTOR
   92          {
   93   1              // TODO: 在此处添加用户代码
   94   1          B = P3INTF;     //获取中断标志
   95   1          if(B)
   96   1          {
   97   2              P3INTF = 0x00;      //清中断标志
   98   2              if (B0) ioIndex = 0x30;
   99   2              if (B1) ioIndex = 0x31;
  100   2              if (B2) ioIndex = 0x32;
  101   2              if (B3) ioIndex = 0x33;
  102   2              if (B4) ioIndex = 0x34;
  103   2              if (B5) ioIndex = 0x35;
  104   2              if (B6) ioIndex = 0x36;
  105   2              if (B7) ioIndex = 0x37;
  106   2          }
  107   1      }
  108          
  109          //========================================================================
  110          // 函数: P4_ISR_Handler
  111          // 描述: P4中断函数.
  112          // 参数: none.
  113          // 返回: none.
  114          // 版本: V1.0, 2025-02-10
  115          //========================================================================
  116          void P4_ISR_Handler (void) interrupt P4INT_VECTOR
  117          {
  118   1              // TODO: 在此处添加用户代码
  119   1          B = P4INTF;     //获取中断标志
  120   1          if(B)
  121   1          {
  122   2              P4INTF = 0x00;      //清中断标志
  123   2              if (B0) ioIndex = 0x40;
  124   2              if (B1) ioIndex = 0x41;
C251 COMPILER V5.60.0,  AI8051U_GPIO_Isr                                                   31/10/25  08:14:11  PAGE 3   

  125   2              if (B2) ioIndex = 0x42;
  126   2              if (B3) ioIndex = 0x43;
  127   2              if (B4) ioIndex = 0x44;
  128   2              if (B5) ioIndex = 0x45;
  129   2              if (B6) ioIndex = 0x46;
  130   2              if (B7) ioIndex = 0x47;
  131   2          }
  132   1      }
  133          
  134          //========================================================================
  135          // 函数: P5_ISR_Handler
  136          // 描述: P5中断函数.
  137          // 参数: none.
  138          // 返回: none.
  139          // 版本: V1.0, 2025-02-10
  140          //========================================================================
  141          void P5_ISR_Handler (void) interrupt P5INT_VECTOR
  142          {
  143   1              // TODO: 在此处添加用户代码
  144   1          B = P5INTF;     //获取中断标志
  145   1          if(B)
  146   1          {
  147   2              P5INTF = 0x00;      //清中断标志
  148   2              if (B0) ioIndex = 0x50;
  149   2              if (B1) ioIndex = 0x51;
  150   2              if (B2) ioIndex = 0x52;
  151   2              if (B3) ioIndex = 0x53;
  152   2              if (B4) ioIndex = 0x54;
  153   2              if (B5) ioIndex = 0x55;
  154   2              if (B6) ioIndex = 0x56;
  155   2              if (B7) ioIndex = 0x57;
  156   2          }
  157   1      }


Module Information          Static   Overlayable
------------------------------------------------
  code size            =       510     ------
  ecode size           =    ------     ------
  data size            =         1     ------
  idata size           =    ------     ------
  pdata size           =    ------     ------
  xdata size           =    ------     ------
  xdata-const size     =    ------     ------
  edata size           =    ------     ------
  bit size             =    ------     ------
  ebit size            =    ------     ------
  bitaddressable size  =    ------     ------
  ebitaddressable size =    ------     ------
  far data size        =    ------     ------
  huge data size       =    ------     ------
  const size           =    ------     ------
  hconst size          =    ------     ------
End of Module Information.


C251 COMPILATION COMPLETE.  0 WARNING(S),  0 ERROR(S)
