C251 COMPILER V5.60.0,  Clock                                                              12/06/26  11:03:17  PAGE 1   


C251 COMPILER V5.60.0, COMPILATION OF MODULE Clock
OBJECT MODULE PLACED IN .\Objects\Clock.obj
COMPILER INVOKED BY: D:\Keil_v5\C251\BIN\C251.EXE ..\LIB\Clock.c XSMALL INTR2 ROM(HUGE) BROWSE INCDIR(..\LIB;..\Motor) D
                    -EBUG PRINT(.\Listings\Clock.lst) OBJECT(.\Objects\Clock.obj) 

stmt  level    source

    1          /*---------------------------------------------------------------------*/
    2          /* --- Web: www.STCAI.com ---------------------------------------------*/
    3          /*---------------------------------------------------------------------*/
    4          #include "stdarg.h"
    5          #include "string.h"
    6          #include "Clock.h"
    7          #include "Delay.h"
    8          
    9          /*---------------------------------------------------------------------------------
   10          @ function  :   void Clock_Init(void)
   11          @ describe  :   时钟初始化函数
   12          @ parameter :   None
   13          @ date      :   2026-2-25
   14          -----------------------------------------------------------------------------------*/
   15          void Clock_Init(void)
   16          {
   17   1          Clock_Struct xdata clock_struct;
   18   1          memset((void*)&clock_struct, 0, sizeof(Clock_Struct));
   19   1          
   20   1          clock_struct.Main_clock_source = MCKSEL_HIRC;   //主时钟源选择      MCKSEL_HIRC(40MHz)
   21   1          clock_struct.IRC_en = ENABLE;                   //使能对应的时钟源
   22   1          clock_struct.Main_clock_div = 1;                //主时钟源分频
   23   1          clock_struct.PLL_select = PLL_SEL;              //PLL频率选择
   24   1          clock_struct.HSIO_select = HSCK_PLL;            //高速IO时钟源选择             144MHz
   25   1          clock_struct.HSIO_div = 1;                      //高速IO时钟分频               144MHz
   26   1          clock_struct.TFPU_div = 2;                      //TFPU对时钟源(HSIO)分频       72MHz
   27   1          clock_struct.PLL_en = ENABLE;                   //PLL倍频功能使能 
   28   1          clock_struct.PLL_source_div = 4;                //PLL的时钟源需要为12MHz(8~16MHz)
   29   1          clock_struct.PWMA_div = 2;                      //PWMA时钟源分频               72MHz
   30   1          clock_struct.PWMB_div = 1;                      //PWMB时钟源分频               144MHz
   31   1      }
   32          
   33          void Clock_Configuration(Clock_Struct xdata *clock_struct)
   34          {
   35   1          /*1. 主时钟选择*/
   36   1          CLKSEL &= ~0x0F | clock_struct->Main_clock_source;
   37   1          /*2. 使能时钟源 */
   38   1          HIRCCR &= ~0x80 | clock_struct->IRC_en;
   39   1          /*3. 对主时钟分频得到系统时钟 */
   40   1          CLKDIV = clock_struct->Main_clock_div;
   41   1          
   42   1          /*4. 其他时钟设置 */
   43   1          CLKSEL &= ~0x80 | clock_struct->PLL_select;         //PLL频率选择
   44   1          CLKSEL &= ~0x40 | clock_struct->HSIO_select;        //高速IO时钟源选择
   45   1          HSCLKDIV = clock_struct->HSIO_div;                  //高速IO时钟源分频
   46   1          TFPU_CLKDIV = 1;                                    //TFPU的时钟源分频
   47   1          USBCLK &= ~0x80 | clock_struct->PLL_en;             //PLL倍频功能使能
   48   1          USBCLK &= ~0x60 | clock_struct->PLL_source_div;     //PLL时钟源分频
   49   1          PWMA_CLKDIV = clock_struct->PWMA_div;               //PWMA时钟源分频
   50   1          PWMB_CLKDIV = clock_struct->PWMB_div;               //PWMB时钟源分频
   51   1      }
   52          
   53          
   54          //========================================================================  
   55          // 函数: void HIRCClkConfig(u8 div)
   56          // 描述: 高速IRC时钟初始化程序.
   57          // 参数: div: 时钟分频系数.
   58          // 返回: none.
C251 COMPILER V5.60.0,  Clock                                                              12/06/26  11:03:17  PAGE 2   

   59          // 版本: V1.0, 2022-04-03
   60          //========================================================================
   61          void HIRCClkConfig(u8 div)
   62          {
   63   1          HIRCCR = 0x80;      //启动内部 IRC
   64   1          while (!(HIRCCR & 1)); //等待时钟稳定
   65   1          CLKDIV = div;
   66   1          CLKSEL = 0x00;      //选择内部 IRC ( 默认 )
   67   1      }
   68          
   69          //========================================================================
   70          // 函数: void XOSCClkConfig(u8 div)
   71          // 描述: 外部晶振时钟初始化程序.
   72          // 参数: div: 时钟分频系数.
   73          // 返回: none.
   74          // 版本: V1.0, 2022-04-03
   75          //========================================================================
   76          void XOSCClkConfig(u8 div)
   77          {
   78   1          XOSCCR = 0xc0;      //启动外部晶振
   79   1          while (!(XOSCCR & 1));  //等待时钟稳定
   80   1          CLKDIV = div;       //时钟分频
   81   1          CLKSEL = 0x01;      //选择外部晶振
   82   1      }
   83          
   84          //========================================================================
   85          // 函数: void IRC32KClkConfig(u8 div)
   86          // 描述: 低速32K IRC时钟初始化程序.
   87          // 参数: div: 时钟分频系数.
   88          // 返回: none.
   89          // 版本: V1.0, 2022-04-03
   90          //========================================================================
   91          void IRC32KClkConfig(u8 div)
   92          {
   93   1          IRC32KCR = 0x80;    //启动内部 32K IRC
   94   1          while (!(IRC32KCR & 1)); //等待时钟稳定
   95   1          CLKDIV = div;       //时钟分频
   96   1          CLKSEL = 0x03;      //选择内部 32K
   97   1      }
   98          
   99          //========================================================================
  100          // 函数: void HSPllClkConfig(u8 clksrc, u8 pcki, u8 pllsel, u8 div)
  101          // 描述: 高速IO时钟初始化程序.
  102          // 参数: clksrc: 系统时钟选择, MCLKSEL_HIRC/MCLKSEL_XIRC/MCLKSEL_X32K/MCLKSEL_I32K/MCLKSEL_PLL/MCLKSEL_PL
             -L2/MCLKSEL_I48M.
  103          // 参数: pllsel: PLL时钟选择, PLL_96M/PLL_144M.
  104          // 参数: div: 高速IO时钟分频系数.
  105          // 返回: none.
  106          // 版本: V1.0, 2022-04-03
  107          //========================================================================
  108          void HSPllClkConfig(u8 clksrc, u8 pllsel, u8 div)
  109          {
  110   1              //系统时钟选择, MCLKSEL_HIRC/MCLKSEL_XIRC/MCLKSEL_X32K/MCLKSEL_I32K/MCLKSEL_PLL/MCLKSEL_PLL2/MCLKSEL_I48
             -M
  111   1          MainClockSel(clksrc);
  112   1      
  113   1          //系统时钟 n 分频作为PLL时钟源,确保分频后为12M
  114   1          USBCLK &= ~PCKI_MSK;
  115   1      #if (MAIN_Fosc == 12000000UL)
                   USBCLK |= PCKI_D1;          //PLL输入时钟1分频
               #elif (MAIN_Fosc == 24000000UL)
                   USBCLK |= PCKI_D2;          //PLL输入时钟2分频
               #elif (MAIN_Fosc == 48000000UL)
                   USBCLK |= PCKI_D4;          //PLL输入时钟4分频
               #elif (MAIN_Fosc == 96000000UL)
                   USBCLK |= PCKI_D8;          //PLL输入时钟8分频
C251 COMPILER V5.60.0,  Clock                                                              12/06/26  11:03:17  PAGE 3   

               #else
  124   1          USBCLK |= PCKI_D4;          //默认PLL输入时钟4分频
  125   1      #endif
  126   1      
  127   1          PLLClockSel(pllsel);        //PLL时钟选择, PLL_96M/PLL_144M
  128   1          PLLEnable(ENABLE);          //PLL倍频使能, ENABLE/DISABLE
  129   1          delay_ms(1);                //等待PLL锁频
  130   1          HSIOClockSel(HSCK_PLL);     //高速IO时钟选择, HSCK_MCLK/HSCK_PLL
  131   1          HSClockDiv(div);            //高速IO时钟分频系数
  132   1              
  133   1              //2025.10.21
  134   1      //      DMAIR = 0x3E;   //选择 系统时钟 作为TFPU时钟源
  135   1              DMAIR = 0x3F;   //选择 PLL时钟  作为TFPU时钟源
  136   1              TFPU_CLKDIV = 2;        //TFPU工作频率要求低于108MHz
  137   1      }


Module Information          Static   Overlayable
------------------------------------------------
  code size            =    ------     ------
  ecode size           =       555     ------
  data size            =    ------     ------
  idata size           =    ------     ------
  pdata size           =    ------     ------
  xdata size           =    ------         18
  xdata-const size     =    ------     ------
  edata size           =    ------     ------
  bit size             =    ------     ------
  ebit size            =    ------     ------
  bitaddressable size  =    ------     ------
  ebitaddressable size =    ------     ------
  far data size        =    ------     ------
  huge data size       =    ------     ------
  const size           =    ------     ------
  hconst size          =    ------     ------
End of Module Information.


C251 COMPILATION COMPLETE.  0 WARNING(S),  0 ERROR(S)
