C251 COMPILER V5.60.0,  Exti                                                               21/05/26  11:01:04  PAGE 1   


C251 COMPILER V5.60.0, COMPILATION OF MODULE Exti
OBJECT MODULE PLACED IN .\Objects\Exti.obj
COMPILER INVOKED BY: D:\Keil_v5\C251\BIN\C251.EXE ..\LIB\Exti.c XSMALL INTR2 ROM(HUGE) BROWSE INCDIR(..\LIB;..\Motor) DE
                    -BUG PRINT(.\Listings\Exti.lst) OBJECT(.\Objects\Exti.obj) 

stmt  level    source

    1          /*---------------------------------------------------------------------*/
    2          /* --- Web: www.STCAI.com ---------------------------------------------*/
    3          /*---------------------------------------------------------------------*/
    4          
    5          #include "Exti.h"
    6          
    7          //========================================================================
    8          // 函数: u8     Ext_Inilize(u8 EXT, EXTI_InitTypeDef *INTx)
    9          // 描述: 外部中断初始化程序.
   10          // 参数: EXT: 外部中断号, INTx: 结构参数,请参考Exti.h里的定义.
   11          // 返回: 成功返回 SUCCESS, 错误返回 FAIL.
   12          // 版本: V1.0, 2012-10-22
   13          //========================================================================
   14          u8      Ext_Inilize(u8 EXT, EXTI_InitTypeDef *INTx)
   15          {
   16   1              if(EXT >  EXT_INT1)     return FAIL;    //空操作
   17   1              
   18   1              if(EXT == EXT_INT0)     //外中断0
   19   1              {
   20   2                      IE0  = 0;                                       //外中断0标志位
   21   2                      INT0_Mode(INTx->EXTI_Mode);
   22   2                      return SUCCESS;         //成功
   23   2              }
   24   1      
   25   1              if(EXT == EXT_INT1)     //外中断1
   26   1              {
   27   2                      IE1  = 0;                                       //外中断1标志位
   28   2                      INT1_Mode(INTx->EXTI_Mode);
   29   2                      return SUCCESS;         //成功
   30   2              }
   31   1              return FAIL;    //失败
   32   1      }


Module Information          Static   Overlayable
------------------------------------------------
  code size            =    ------     ------
  ecode size           =        51     ------
  data size            =    ------     ------
  idata size           =    ------     ------
  pdata size           =    ------     ------
  xdata size           =    ------     ------
  xdata-const size     =    ------     ------
  edata size           =    ------     ------
  bit size             =    ------     ------
  ebit size            =    ------     ------
  bitaddressable size  =    ------     ------
  ebitaddressable size =    ------     ------
  far data size        =    ------     ------
  huge data size       =    ------     ------
  const size           =    ------     ------
  hconst size          =    ------     ------
End of Module Information.


C251 COMPILATION COMPLETE.  0 WARNING(S),  0 ERROR(S)
