C251 COMPILER V5.60.0,  Init                                                               22/05/26  11:19:12  PAGE 1   


C251 COMPILER V5.60.0, COMPILATION OF MODULE Init
OBJECT MODULE PLACED IN .\Objects\Init.obj
COMPILER INVOKED BY: D:\Keil_v5\C251\BIN\C251.EXE ..\Motor\Init.c XSMALL INTR2 ROM(HUGE) BROWSE INCDIR(..\LIB;..\Motor) 
                    -DEBUG PRINT(.\Listings\Init.lst) OBJECT(.\Objects\Init.obj) 

stmt  level    source

    1          #include "Context.h"
    2          #include "Init.h"
    3          
    4          
    5          void System_Init(void)
    6          {
    7   1              //1. 初始化系统时钟
    8   1              HSPllClkConfig(MCKSEL_HIRC, PLL_SEL, 1);
    9   1              
   10   1              //2. 初始化外设
   11   1          GPIO_Init();
   12   1          ADC_Init();
   13   1              PWM_Init();
   14   1          SPI_Init();
   15   1              DMA_ADC_Init();
   16   1              DMA_SPI_Init();
   17   1      }
   18          
   19          /*------------------------------------------------------------
   20          @ function  :   void Parameter_Init(void)
   21          @ describe  :   参数初始化
   22          @ parameter :   None
   23          @ date      :   2026-3-1
   24          -------------------------------------------------------------*/
   25          void Parameter_Init(void)
   26          {
   27   1          g_ctx->restart_times = MOTOR_RESTART_TIMES;
   28   1      
   29   1          /*Motor Parameter*/
   30   1          memset((void*)&g_ctx->motor_data, 0, sizeof(Motor_Data));
   31   1          memset((void*)&g_ctx->motor_speed, 0, sizeof(Motor_Speed));
   32   1      
   33   1          memset((void*)&g_ctx->phase_current, 0, sizeof(Phase_Current));
   34   1          memset((void*)&g_ctx->alpha_beta_current, 0, sizeof(Alpha_Beta_Axis_Current));
   35   1          memset((void*)&g_ctx->dq_current, 0, sizeof(Direct_Quadrature_Axis_Current));
   36   1      
   37   1          memset((void*)&g_ctx->dq_current_ref, 0, sizeof(Direct_Quadrature_Axis_Current));
   38   1          memset((void*)&g_ctx->dq_voltage_ctl, 0, sizeof(Direct_Quadrature_Axis_Voltage));
   39   1          memset((void*)&g_ctx->dq_voltage_ctl_limit, 0, sizeof(Direct_Quadrature_Axis_Voltage));
   40   1          memset((void*)&g_ctx->alpha_beta_voltage_ctl, 0, sizeof(Alpha_Beta_Axis_Voltage));
   41   1          memset((void*)&g_ctx->phase_voltage_ctl, 0, sizeof(Phase_Voltage));
   42   1      
   43   1          memset((void*)ADC_Result_Buffer, 0, sizeof(u16)*4);
   44   1      
   45   1          memset((void*)SPI_TX_Buffer, 0, sizeof(u8)*8);
   46   1          memset((void*)SPI_RX_Buffer, 0, sizeof(u8)*4);
   47   1          memset((void*)g_ctx->tx_cmd_arr, 0, sizeof(u8)*TLE5012B_TX_BUFFER_SIZE);
   48   1      
   49   1          g_ctx->motor_speed.max_speed = SPEED_MAX;
   50   1          g_ctx->motor_speed.min_speed = SPEED_MIN;
   51   1          g_ctx->motor_speed.acceleration_speed = SPEED_ACCERELATION;
   52   1          g_ctx->motor_speed.deceleration_speed = SPEED_DECERELATION;
   53   1      
   54   1          /*PID Parameter*/
   55   1          memset((void*)&g_ctx->pid_d, 0, sizeof(PID_Structure));
   56   1          memset((void*)&g_ctx->pid_q, 0, sizeof(PID_Structure));
   57   1          memset((void*)&g_ctx->pid_speed, 0, sizeof(PID_Structure));
   58   1      
C251 COMPILER V5.60.0,  Init                                                               22/05/26  11:19:12  PAGE 2   

   59   1          g_ctx->pid_d.P_gain = PID_ID_KP;
   60   1          g_ctx->pid_d.I_gain = PID_ID_KI;
   61   1          g_ctx->pid_d.D_gain = PID_ID_KD;
   62   1      
   63   1          g_ctx->pid_q.P_gain = PID_IQ_KP;
   64   1          g_ctx->pid_q.I_gain = PID_IQ_KI;
   65   1          g_ctx->pid_q.D_gain = PID_IQ_KD;
   66   1      
   67   1          g_ctx->pid_speed.P_gain = PID_S_KP;
   68   1          g_ctx->pid_speed.I_gain = PID_S_KI;
   69   1          g_ctx->pid_speed.D_gain = PID_S_KD;
   70   1      
   71   1          g_ctx->pid_d.output_limit = PID_I_Limit;
   72   1          g_ctx->pid_d.I_limit = PID_I_Limit;
   73   1          g_ctx->pid_d.I_period = 1.0 / CURRENT_LOOP_FREQUENT;
   74   1          g_ctx->pid_d.Kc_gain = 1.0;
   75   1      
   76   1          g_ctx->pid_q.output_limit = PID_I_Limit;
   77   1          g_ctx->pid_q.I_limit = PID_I_Limit;
   78   1          g_ctx->pid_q.I_period = 1.0 / CURRENT_LOOP_FREQUENT;
   79   1          g_ctx->pid_q.Kc_gain = 1.0;
   80   1      
   81   1          g_ctx->pid_speed.output_limit = PID_I_Limit;
   82   1          g_ctx->pid_speed.I_limit = PID_I_Limit;
   83   1          g_ctx->pid_speed.I_period = 1.0 / SPEED_LOOP_FREQUENT;
   84   1          g_ctx->pid_speed.Kc_gain = 1.0;
   85   1      
   86   1          memset((void*)&g_ctx->speed_ramp, 0, sizeof(Speed_Ramp));
   87   1          g_ctx->speed_ramp.accelerate_amount = SPEED_ACCERELATION;
   88   1          g_ctx->speed_ramp.decelerate_amount = SPEED_DECERELATION;
   89   1      }
   90           


Module Information          Static   Overlayable
------------------------------------------------
  code size            =    ------     ------
  ecode size           =      1094     ------
  data size            =    ------     ------
  idata size           =    ------     ------
  pdata size           =    ------     ------
  xdata size           =    ------     ------
  xdata-const size     =    ------     ------
  edata size           =    ------     ------
  bit size             =    ------     ------
  ebit size            =    ------     ------
  bitaddressable size  =    ------     ------
  ebitaddressable size =    ------     ------
  far data size        =    ------     ------
  huge data size       =    ------     ------
  const size           =    ------     ------
  hconst size          =    ------     ------
End of Module Information.


C251 COMPILATION COMPLETE.  0 WARNING(S),  0 ERROR(S)
